// Jest Snapshot v1, https://goo.gl/fbAQLP

exports[`should render expense list item 1`] = `
<div>
  <Link
    to="2/edit"
  >
    <h3>
       
      Rent
       
    </h3>
  </Link>
  <p>
     
    109500
    - 
    -345600000
     
  </p>
</div>
`;
